// Jest Snapshot v1, https://goo.gl/fbAQLP

exports[`Navigation should render correctly in "debug" mode 1`] = `
ShallowWrapper {
  Symbol(enzyme.__root__): [Circular],
  Symbol(enzyme.__unrendered__): <Navigation
    debug={true}
  />,
  Symbol(enzyme.__renderer__): Object {
    "batchedUpdates": [Function],
    "getNode": [Function],
    "render": [Function],
    "simulateError": [Function],
    "simulateEvent": [Function],
    "unmount": [Function],
  },
  Symbol(enzyme.__node__): Object {
    "instance": null,
    "key": undefined,
    "nodeType": "host",
    "props": Object {
      "children": <div
        className="container"
      >
        <a
          className="navbar-brand"
          href="/"
        >
          Author's Haven
        </a>
        <div
          className=""
          id="navbarSupportedContent"
        >
          <ul
            className="navbar-nav ml-auto pull-left"
          >
            <span
              className="sm-hide"
            >
              <NavItem
                classname="fas fa-info-circle"
                label="About Us"
                link="/about"
              />
              <NavItem
                classname="fas fa-comments"
                label="Contact Us"
                link="/contact"
              />
              <NavButton
                classname="btn btn-outline-warning btn-sm"
                label="Login"
                link="/login"
              />
              <NavButton
                classname="btn btn-outline-success  btn-sm"
                label="Signup"
                link="/register"
              />
            </span>
            <li
              className="nav-item dropdown sm-dropdown"
            >
              <button
                aria-expanded="false"
                aria-haspopup="true"
                className="nav-link dropdown-toggle"
                data-toggle="dropdown"
                id="navbarDropdown"
                type="button"
              >
                <i
                  className="fas fa-align-right"
                />
              </button>
              <ul
                aria-labelledby="navbarDropdown"
                className="dropdown-menu"
              >
                <DropDownItem
                  classname="fas fa-info-circle"
                  label="About Us"
                  link="/about"
                />
                <DropDownItem
                  classname="fas fa-comments"
                  label="Contact Us"
                  link="/contact"
                />
                <div
                  className="dropdown-divider"
                />
                <DropDownItem
                  classname="fas fa-sign-in-alt"
                  label="Login"
                  link="/login"
                />
                <DropDownItem
                  classname="fas fa-sign-in-alt"
                  label="Signup"
                  link="/register"
                />
              </ul>
            </li>
          </ul>
        </div>
      </div>,
      "className": "navbar navbar-expand-lg navbar-light fixed-top",
    },
    "ref": null,
    "rendered": Object {
      "instance": null,
      "key": undefined,
      "nodeType": "host",
      "props": Object {
        "children": Array [
          <a
            className="navbar-brand"
            href="/"
          >
            Author's Haven
          </a>,
          <div
            className=""
            id="navbarSupportedContent"
          >
            <ul
              className="navbar-nav ml-auto pull-left"
            >
              <span
                className="sm-hide"
              >
                <NavItem
                  classname="fas fa-info-circle"
                  label="About Us"
                  link="/about"
                />
                <NavItem
                  classname="fas fa-comments"
                  label="Contact Us"
                  link="/contact"
                />
                <NavButton
                  classname="btn btn-outline-warning btn-sm"
                  label="Login"
                  link="/login"
                />
                <NavButton
                  classname="btn btn-outline-success  btn-sm"
                  label="Signup"
                  link="/register"
                />
              </span>
              <li
                className="nav-item dropdown sm-dropdown"
              >
                <button
                  aria-expanded="false"
                  aria-haspopup="true"
                  className="nav-link dropdown-toggle"
                  data-toggle="dropdown"
                  id="navbarDropdown"
                  type="button"
                >
                  <i
                    className="fas fa-align-right"
                  />
                </button>
                <ul
                  aria-labelledby="navbarDropdown"
                  className="dropdown-menu"
                >
                  <DropDownItem
                    classname="fas fa-info-circle"
                    label="About Us"
                    link="/about"
                  />
                  <DropDownItem
                    classname="fas fa-comments"
                    label="Contact Us"
                    link="/contact"
                  />
                  <div
                    className="dropdown-divider"
                  />
                  <DropDownItem
                    classname="fas fa-sign-in-alt"
                    label="Login"
                    link="/login"
                  />
                  <DropDownItem
                    classname="fas fa-sign-in-alt"
                    label="Signup"
                    link="/register"
                  />
                </ul>
              </li>
            </ul>
          </div>,
        ],
        "className": "container",
      },
      "ref": null,
      "rendered": Array [
        Object {
          "instance": null,
          "key": undefined,
          "nodeType": "host",
          "props": Object {
            "children": "Author's Haven",
            "className": "navbar-brand",
            "href": "/",
          },
          "ref": null,
          "rendered": "Author's Haven",
          "type": "a",
        },
        Object {
          "instance": null,
          "key": undefined,
          "nodeType": "host",
          "props": Object {
            "children": <ul
              className="navbar-nav ml-auto pull-left"
            >
              <span
                className="sm-hide"
              >
                <NavItem
                  classname="fas fa-info-circle"
                  label="About Us"
                  link="/about"
                />
                <NavItem
                  classname="fas fa-comments"
                  label="Contact Us"
                  link="/contact"
                />
                <NavButton
                  classname="btn btn-outline-warning btn-sm"
                  label="Login"
                  link="/login"
                />
                <NavButton
                  classname="btn btn-outline-success  btn-sm"
                  label="Signup"
                  link="/register"
                />
              </span>
              <li
                className="nav-item dropdown sm-dropdown"
              >
                <button
                  aria-expanded="false"
                  aria-haspopup="true"
                  className="nav-link dropdown-toggle"
                  data-toggle="dropdown"
                  id="navbarDropdown"
                  type="button"
                >
                  <i
                    className="fas fa-align-right"
                  />
                </button>
                <ul
                  aria-labelledby="navbarDropdown"
                  className="dropdown-menu"
                >
                  <DropDownItem
                    classname="fas fa-info-circle"
                    label="About Us"
                    link="/about"
                  />
                  <DropDownItem
                    classname="fas fa-comments"
                    label="Contact Us"
                    link="/contact"
                  />
                  <div
                    className="dropdown-divider"
                  />
                  <DropDownItem
                    classname="fas fa-sign-in-alt"
                    label="Login"
                    link="/login"
                  />
                  <DropDownItem
                    classname="fas fa-sign-in-alt"
                    label="Signup"
                    link="/register"
                  />
                </ul>
              </li>
            </ul>,
            "className": "",
            "id": "navbarSupportedContent",
          },
          "ref": null,
          "rendered": Object {
            "instance": null,
            "key": undefined,
            "nodeType": "host",
            "props": Object {
              "children": Array [
                <span
                  className="sm-hide"
                >
                  <NavItem
                    classname="fas fa-info-circle"
                    label="About Us"
                    link="/about"
                  />
                  <NavItem
                    classname="fas fa-comments"
                    label="Contact Us"
                    link="/contact"
                  />
                  <NavButton
                    classname="btn btn-outline-warning btn-sm"
                    label="Login"
                    link="/login"
                  />
                  <NavButton
                    classname="btn btn-outline-success  btn-sm"
                    label="Signup"
                    link="/register"
                  />
                </span>,
                <li
                  className="nav-item dropdown sm-dropdown"
                >
                  <button
                    aria-expanded="false"
                    aria-haspopup="true"
                    className="nav-link dropdown-toggle"
                    data-toggle="dropdown"
                    id="navbarDropdown"
                    type="button"
                  >
                    <i
                      className="fas fa-align-right"
                    />
                  </button>
                  <ul
                    aria-labelledby="navbarDropdown"
                    className="dropdown-menu"
                  >
                    <DropDownItem
                      classname="fas fa-info-circle"
                      label="About Us"
                      link="/about"
                    />
                    <DropDownItem
                      classname="fas fa-comments"
                      label="Contact Us"
                      link="/contact"
                    />
                    <div
                      className="dropdown-divider"
                    />
                    <DropDownItem
                      classname="fas fa-sign-in-alt"
                      label="Login"
                      link="/login"
                    />
                    <DropDownItem
                      classname="fas fa-sign-in-alt"
                      label="Signup"
                      link="/register"
                    />
                  </ul>
                </li>,
              ],
              "className": "navbar-nav ml-auto pull-left",
            },
            "ref": null,
            "rendered": Array [
              Object {
                "instance": null,
                "key": undefined,
                "nodeType": "host",
                "props": Object {
                  "children": Array [
                    <NavItem
                      classname="fas fa-info-circle"
                      label="About Us"
                      link="/about"
                    />,
                    <NavItem
                      classname="fas fa-comments"
                      label="Contact Us"
                      link="/contact"
                    />,
                    <NavButton
                      classname="btn btn-outline-warning btn-sm"
                      label="Login"
                      link="/login"
                    />,
                    <NavButton
                      classname="btn btn-outline-success  btn-sm"
                      label="Signup"
                      link="/register"
                    />,
                  ],
                  "className": "sm-hide",
                },
                "ref": null,
                "rendered": Array [
                  Object {
                    "instance": null,
                    "key": undefined,
                    "nodeType": "function",
                    "props": Object {
                      "classname": "fas fa-info-circle",
                      "label": "About Us",
                      "link": "/about",
                    },
                    "ref": null,
                    "rendered": null,
                    "type": [Function],
                  },
                  Object {
                    "instance": null,
                    "key": undefined,
                    "nodeType": "function",
                    "props": Object {
                      "classname": "fas fa-comments",
                      "label": "Contact Us",
                      "link": "/contact",
                    },
                    "ref": null,
                    "rendered": null,
                    "type": [Function],
                  },
                  Object {
                    "instance": null,
                    "key": undefined,
                    "nodeType": "function",
                    "props": Object {
                      "classname": "btn btn-outline-warning btn-sm",
                      "label": "Login",
                      "link": "/login",
                    },
                    "ref": null,
                    "rendered": null,
                    "type": [Function],
                  },
                  Object {
                    "instance": null,
                    "key": undefined,
                    "nodeType": "function",
                    "props": Object {
                      "classname": "btn btn-outline-success  btn-sm",
                      "label": "Signup",
                      "link": "/register",
                    },
                    "ref": null,
                    "rendered": null,
                    "type": [Function],
                  },
                ],
                "type": "span",
              },
              Object {
                "instance": null,
                "key": undefined,
                "nodeType": "host",
                "props": Object {
                  "children": Array [
                    <button
                      aria-expanded="false"
                      aria-haspopup="true"
                      className="nav-link dropdown-toggle"
                      data-toggle="dropdown"
                      id="navbarDropdown"
                      type="button"
                    >
                      <i
                        className="fas fa-align-right"
                      />
                    </button>,
                    <ul
                      aria-labelledby="navbarDropdown"
                      className="dropdown-menu"
                    >
                      <DropDownItem
                        classname="fas fa-info-circle"
                        label="About Us"
                        link="/about"
                      />
                      <DropDownItem
                        classname="fas fa-comments"
                        label="Contact Us"
                        link="/contact"
                      />
                      <div
                        className="dropdown-divider"
                      />
                      <DropDownItem
                        classname="fas fa-sign-in-alt"
                        label="Login"
                        link="/login"
                      />
                      <DropDownItem
                        classname="fas fa-sign-in-alt"
                        label="Signup"
                        link="/register"
                      />
                    </ul>,
                  ],
                  "className": "nav-item dropdown sm-dropdown",
                },
                "ref": null,
                "rendered": Array [
                  Object {
                    "instance": null,
                    "key": undefined,
                    "nodeType": "host",
                    "props": Object {
                      "aria-expanded": "false",
                      "aria-haspopup": "true",
                      "children": <i
                        className="fas fa-align-right"
                      />,
                      "className": "nav-link dropdown-toggle",
                      "data-toggle": "dropdown",
                      "id": "navbarDropdown",
                      "type": "button",
                    },
                    "ref": null,
                    "rendered": Object {
                      "instance": null,
                      "key": undefined,
                      "nodeType": "host",
                      "props": Object {
                        "className": "fas fa-align-right",
                      },
                      "ref": null,
                      "rendered": null,
                      "type": "i",
                    },
                    "type": "button",
                  },
                  Object {
                    "instance": null,
                    "key": undefined,
                    "nodeType": "host",
                    "props": Object {
                      "aria-labelledby": "navbarDropdown",
                      "children": Array [
                        <DropDownItem
                          classname="fas fa-info-circle"
                          label="About Us"
                          link="/about"
                        />,
                        <DropDownItem
                          classname="fas fa-comments"
                          label="Contact Us"
                          link="/contact"
                        />,
                        <div
                          className="dropdown-divider"
                        />,
                        <DropDownItem
                          classname="fas fa-sign-in-alt"
                          label="Login"
                          link="/login"
                        />,
                        <DropDownItem
                          classname="fas fa-sign-in-alt"
                          label="Signup"
                          link="/register"
                        />,
                      ],
                      "className": "dropdown-menu",
                    },
                    "ref": null,
                    "rendered": Array [
                      Object {
                        "instance": null,
                        "key": undefined,
                        "nodeType": "function",
                        "props": Object {
                          "classname": "fas fa-info-circle",
                          "label": "About Us",
                          "link": "/about",
                        },
                        "ref": null,
                        "rendered": null,
                        "type": [Function],
                      },
                      Object {
                        "instance": null,
                        "key": undefined,
                        "nodeType": "function",
                        "props": Object {
                          "classname": "fas fa-comments",
                          "label": "Contact Us",
                          "link": "/contact",
                        },
                        "ref": null,
                        "rendered": null,
                        "type": [Function],
                      },
                      Object {
                        "instance": null,
                        "key": undefined,
                        "nodeType": "host",
                        "props": Object {
                          "className": "dropdown-divider",
                        },
                        "ref": null,
                        "rendered": null,
                        "type": "div",
                      },
                      Object {
                        "instance": null,
                        "key": undefined,
                        "nodeType": "function",
                        "props": Object {
                          "classname": "fas fa-sign-in-alt",
                          "label": "Login",
                          "link": "/login",
                        },
                        "ref": null,
                        "rendered": null,
                        "type": [Function],
                      },
                      Object {
                        "instance": null,
                        "key": undefined,
                        "nodeType": "function",
                        "props": Object {
                          "classname": "fas fa-sign-in-alt",
                          "label": "Signup",
                          "link": "/register",
                        },
                        "ref": null,
                        "rendered": null,
                        "type": [Function],
                      },
                    ],
                    "type": "ul",
                  },
                ],
                "type": "li",
              },
            ],
            "type": "ul",
          },
          "type": "div",
        },
      ],
      "type": "div",
    },
    "type": "nav",
  },
  Symbol(enzyme.__nodes__): Array [
    Object {
      "instance": null,
      "key": undefined,
      "nodeType": "host",
      "props": Object {
        "children": <div
          className="container"
        >
          <a
            className="navbar-brand"
            href="/"
          >
            Author's Haven
          </a>
          <div
            className=""
            id="navbarSupportedContent"
          >
            <ul
              className="navbar-nav ml-auto pull-left"
            >
              <span
                className="sm-hide"
              >
                <NavItem
                  classname="fas fa-info-circle"
                  label="About Us"
                  link="/about"
                />
                <NavItem
                  classname="fas fa-comments"
                  label="Contact Us"
                  link="/contact"
                />
                <NavButton
                  classname="btn btn-outline-warning btn-sm"
                  label="Login"
                  link="/login"
                />
                <NavButton
                  classname="btn btn-outline-success  btn-sm"
                  label="Signup"
                  link="/register"
                />
              </span>
              <li
                className="nav-item dropdown sm-dropdown"
              >
                <button
                  aria-expanded="false"
                  aria-haspopup="true"
                  className="nav-link dropdown-toggle"
                  data-toggle="dropdown"
                  id="navbarDropdown"
                  type="button"
                >
                  <i
                    className="fas fa-align-right"
                  />
                </button>
                <ul
                  aria-labelledby="navbarDropdown"
                  className="dropdown-menu"
                >
                  <DropDownItem
                    classname="fas fa-info-circle"
                    label="About Us"
                    link="/about"
                  />
                  <DropDownItem
                    classname="fas fa-comments"
                    label="Contact Us"
                    link="/contact"
                  />
                  <div
                    className="dropdown-divider"
                  />
                  <DropDownItem
                    classname="fas fa-sign-in-alt"
                    label="Login"
                    link="/login"
                  />
                  <DropDownItem
                    classname="fas fa-sign-in-alt"
                    label="Signup"
                    link="/register"
                  />
                </ul>
              </li>
            </ul>
          </div>
        </div>,
        "className": "navbar navbar-expand-lg navbar-light fixed-top",
      },
      "ref": null,
      "rendered": Object {
        "instance": null,
        "key": undefined,
        "nodeType": "host",
        "props": Object {
          "children": Array [
            <a
              className="navbar-brand"
              href="/"
            >
              Author's Haven
            </a>,
            <div
              className=""
              id="navbarSupportedContent"
            >
              <ul
                className="navbar-nav ml-auto pull-left"
              >
                <span
                  className="sm-hide"
                >
                  <NavItem
                    classname="fas fa-info-circle"
                    label="About Us"
                    link="/about"
                  />
                  <NavItem
                    classname="fas fa-comments"
                    label="Contact Us"
                    link="/contact"
                  />
                  <NavButton
                    classname="btn btn-outline-warning btn-sm"
                    label="Login"
                    link="/login"
                  />
                  <NavButton
                    classname="btn btn-outline-success  btn-sm"
                    label="Signup"
                    link="/register"
                  />
                </span>
                <li
                  className="nav-item dropdown sm-dropdown"
                >
                  <button
                    aria-expanded="false"
                    aria-haspopup="true"
                    className="nav-link dropdown-toggle"
                    data-toggle="dropdown"
                    id="navbarDropdown"
                    type="button"
                  >
                    <i
                      className="fas fa-align-right"
                    />
                  </button>
                  <ul
                    aria-labelledby="navbarDropdown"
                    className="dropdown-menu"
                  >
                    <DropDownItem
                      classname="fas fa-info-circle"
                      label="About Us"
                      link="/about"
                    />
                    <DropDownItem
                      classname="fas fa-comments"
                      label="Contact Us"
                      link="/contact"
                    />
                    <div
                      className="dropdown-divider"
                    />
                    <DropDownItem
                      classname="fas fa-sign-in-alt"
                      label="Login"
                      link="/login"
                    />
                    <DropDownItem
                      classname="fas fa-sign-in-alt"
                      label="Signup"
                      link="/register"
                    />
                  </ul>
                </li>
              </ul>
            </div>,
          ],
          "className": "container",
        },
        "ref": null,
        "rendered": Array [
          Object {
            "instance": null,
            "key": undefined,
            "nodeType": "host",
            "props": Object {
              "children": "Author's Haven",
              "className": "navbar-brand",
              "href": "/",
            },
            "ref": null,
            "rendered": "Author's Haven",
            "type": "a",
          },
          Object {
            "instance": null,
            "key": undefined,
            "nodeType": "host",
            "props": Object {
              "children": <ul
                className="navbar-nav ml-auto pull-left"
              >
                <span
                  className="sm-hide"
                >
                  <NavItem
                    classname="fas fa-info-circle"
                    label="About Us"
                    link="/about"
                  />
                  <NavItem
                    classname="fas fa-comments"
                    label="Contact Us"
                    link="/contact"
                  />
                  <NavButton
                    classname="btn btn-outline-warning btn-sm"
                    label="Login"
                    link="/login"
                  />
                  <NavButton
                    classname="btn btn-outline-success  btn-sm"
                    label="Signup"
                    link="/register"
                  />
                </span>
                <li
                  className="nav-item dropdown sm-dropdown"
                >
                  <button
                    aria-expanded="false"
                    aria-haspopup="true"
                    className="nav-link dropdown-toggle"
                    data-toggle="dropdown"
                    id="navbarDropdown"
                    type="button"
                  >
                    <i
                      className="fas fa-align-right"
                    />
                  </button>
                  <ul
                    aria-labelledby="navbarDropdown"
                    className="dropdown-menu"
                  >
                    <DropDownItem
                      classname="fas fa-info-circle"
                      label="About Us"
                      link="/about"
                    />
                    <DropDownItem
                      classname="fas fa-comments"
                      label="Contact Us"
                      link="/contact"
                    />
                    <div
                      className="dropdown-divider"
                    />
                    <DropDownItem
                      classname="fas fa-sign-in-alt"
                      label="Login"
                      link="/login"
                    />
                    <DropDownItem
                      classname="fas fa-sign-in-alt"
                      label="Signup"
                      link="/register"
                    />
                  </ul>
                </li>
              </ul>,
              "className": "",
              "id": "navbarSupportedContent",
            },
            "ref": null,
            "rendered": Object {
              "instance": null,
              "key": undefined,
              "nodeType": "host",
              "props": Object {
                "children": Array [
                  <span
                    className="sm-hide"
                  >
                    <NavItem
                      classname="fas fa-info-circle"
                      label="About Us"
                      link="/about"
                    />
                    <NavItem
                      classname="fas fa-comments"
                      label="Contact Us"
                      link="/contact"
                    />
                    <NavButton
                      classname="btn btn-outline-warning btn-sm"
                      label="Login"
                      link="/login"
                    />
                    <NavButton
                      classname="btn btn-outline-success  btn-sm"
                      label="Signup"
                      link="/register"
                    />
                  </span>,
                  <li
                    className="nav-item dropdown sm-dropdown"
                  >
                    <button
                      aria-expanded="false"
                      aria-haspopup="true"
                      className="nav-link dropdown-toggle"
                      data-toggle="dropdown"
                      id="navbarDropdown"
                      type="button"
                    >
                      <i
                        className="fas fa-align-right"
                      />
                    </button>
                    <ul
                      aria-labelledby="navbarDropdown"
                      className="dropdown-menu"
                    >
                      <DropDownItem
                        classname="fas fa-info-circle"
                        label="About Us"
                        link="/about"
                      />
                      <DropDownItem
                        classname="fas fa-comments"
                        label="Contact Us"
                        link="/contact"
                      />
                      <div
                        className="dropdown-divider"
                      />
                      <DropDownItem
                        classname="fas fa-sign-in-alt"
                        label="Login"
                        link="/login"
                      />
                      <DropDownItem
                        classname="fas fa-sign-in-alt"
                        label="Signup"
                        link="/register"
                      />
                    </ul>
                  </li>,
                ],
                "className": "navbar-nav ml-auto pull-left",
              },
              "ref": null,
              "rendered": Array [
                Object {
                  "instance": null,
                  "key": undefined,
                  "nodeType": "host",
                  "props": Object {
                    "children": Array [
                      <NavItem
                        classname="fas fa-info-circle"
                        label="About Us"
                        link="/about"
                      />,
                      <NavItem
                        classname="fas fa-comments"
                        label="Contact Us"
                        link="/contact"
                      />,
                      <NavButton
                        classname="btn btn-outline-warning btn-sm"
                        label="Login"
                        link="/login"
                      />,
                      <NavButton
                        classname="btn btn-outline-success  btn-sm"
                        label="Signup"
                        link="/register"
                      />,
                    ],
                    "className": "sm-hide",
                  },
                  "ref": null,
                  "rendered": Array [
                    Object {
                      "instance": null,
                      "key": undefined,
                      "nodeType": "function",
                      "props": Object {
                        "classname": "fas fa-info-circle",
                        "label": "About Us",
                        "link": "/about",
                      },
                      "ref": null,
                      "rendered": null,
                      "type": [Function],
                    },
                    Object {
                      "instance": null,
                      "key": undefined,
                      "nodeType": "function",
                      "props": Object {
                        "classname": "fas fa-comments",
                        "label": "Contact Us",
                        "link": "/contact",
                      },
                      "ref": null,
                      "rendered": null,
                      "type": [Function],
                    },
                    Object {
                      "instance": null,
                      "key": undefined,
                      "nodeType": "function",
                      "props": Object {
                        "classname": "btn btn-outline-warning btn-sm",
                        "label": "Login",
                        "link": "/login",
                      },
                      "ref": null,
                      "rendered": null,
                      "type": [Function],
                    },
                    Object {
                      "instance": null,
                      "key": undefined,
                      "nodeType": "function",
                      "props": Object {
                        "classname": "btn btn-outline-success  btn-sm",
                        "label": "Signup",
                        "link": "/register",
                      },
                      "ref": null,
                      "rendered": null,
                      "type": [Function],
                    },
                  ],
                  "type": "span",
                },
                Object {
                  "instance": null,
                  "key": undefined,
                  "nodeType": "host",
                  "props": Object {
                    "children": Array [
                      <button
                        aria-expanded="false"
                        aria-haspopup="true"
                        className="nav-link dropdown-toggle"
                        data-toggle="dropdown"
                        id="navbarDropdown"
                        type="button"
                      >
                        <i
                          className="fas fa-align-right"
                        />
                      </button>,
                      <ul
                        aria-labelledby="navbarDropdown"
                        className="dropdown-menu"
                      >
                        <DropDownItem
                          classname="fas fa-info-circle"
                          label="About Us"
                          link="/about"
                        />
                        <DropDownItem
                          classname="fas fa-comments"
                          label="Contact Us"
                          link="/contact"
                        />
                        <div
                          className="dropdown-divider"
                        />
                        <DropDownItem
                          classname="fas fa-sign-in-alt"
                          label="Login"
                          link="/login"
                        />
                        <DropDownItem
                          classname="fas fa-sign-in-alt"
                          label="Signup"
                          link="/register"
                        />
                      </ul>,
                    ],
                    "className": "nav-item dropdown sm-dropdown",
                  },
                  "ref": null,
                  "rendered": Array [
                    Object {
                      "instance": null,
                      "key": undefined,
                      "nodeType": "host",
                      "props": Object {
                        "aria-expanded": "false",
                        "aria-haspopup": "true",
                        "children": <i
                          className="fas fa-align-right"
                        />,
                        "className": "nav-link dropdown-toggle",
                        "data-toggle": "dropdown",
                        "id": "navbarDropdown",
                        "type": "button",
                      },
                      "ref": null,
                      "rendered": Object {
                        "instance": null,
                        "key": undefined,
                        "nodeType": "host",
                        "props": Object {
                          "className": "fas fa-align-right",
                        },
                        "ref": null,
                        "rendered": null,
                        "type": "i",
                      },
                      "type": "button",
                    },
                    Object {
                      "instance": null,
                      "key": undefined,
                      "nodeType": "host",
                      "props": Object {
                        "aria-labelledby": "navbarDropdown",
                        "children": Array [
                          <DropDownItem
                            classname="fas fa-info-circle"
                            label="About Us"
                            link="/about"
                          />,
                          <DropDownItem
                            classname="fas fa-comments"
                            label="Contact Us"
                            link="/contact"
                          />,
                          <div
                            className="dropdown-divider"
                          />,
                          <DropDownItem
                            classname="fas fa-sign-in-alt"
                            label="Login"
                            link="/login"
                          />,
                          <DropDownItem
                            classname="fas fa-sign-in-alt"
                            label="Signup"
                            link="/register"
                          />,
                        ],
                        "className": "dropdown-menu",
                      },
                      "ref": null,
                      "rendered": Array [
                        Object {
                          "instance": null,
                          "key": undefined,
                          "nodeType": "function",
                          "props": Object {
                            "classname": "fas fa-info-circle",
                            "label": "About Us",
                            "link": "/about",
                          },
                          "ref": null,
                          "rendered": null,
                          "type": [Function],
                        },
                        Object {
                          "instance": null,
                          "key": undefined,
                          "nodeType": "function",
                          "props": Object {
                            "classname": "fas fa-comments",
                            "label": "Contact Us",
                            "link": "/contact",
                          },
                          "ref": null,
                          "rendered": null,
                          "type": [Function],
                        },
                        Object {
                          "instance": null,
                          "key": undefined,
                          "nodeType": "host",
                          "props": Object {
                            "className": "dropdown-divider",
                          },
                          "ref": null,
                          "rendered": null,
                          "type": "div",
                        },
                        Object {
                          "instance": null,
                          "key": undefined,
                          "nodeType": "function",
                          "props": Object {
                            "classname": "fas fa-sign-in-alt",
                            "label": "Login",
                            "link": "/login",
                          },
                          "ref": null,
                          "rendered": null,
                          "type": [Function],
                        },
                        Object {
                          "instance": null,
                          "key": undefined,
                          "nodeType": "function",
                          "props": Object {
                            "classname": "fas fa-sign-in-alt",
                            "label": "Signup",
                            "link": "/register",
                          },
                          "ref": null,
                          "rendered": null,
                          "type": [Function],
                        },
                      ],
                      "type": "ul",
                    },
                  ],
                  "type": "li",
                },
              ],
              "type": "ul",
            },
            "type": "div",
          },
        ],
        "type": "div",
      },
      "type": "nav",
    },
  ],
  Symbol(enzyme.__options__): Object {
    "adapter": ReactSixteenAdapter {
      "options": Object {
        "enableComponentDidUpdateOnSetState": true,
        "lifecycles": Object {
          "componentDidUpdate": Object {
            "onSetState": true,
          },
          "getDerivedStateFromProps": true,
          "getSnapshotBeforeUpdate": true,
          "setState": Object {
            "skipsComponentDidUpdateOnNullish": true,
          },
        },
      },
    },
  },
}
`;
