// Jest Snapshot v1, https://goo.gl/fbAQLP

exports[`Edit article page should render correctly in "debug" mode 1`] = `
<div
  className="container auth-container"
>
  <div
    className="article-view col-md-10"
  >
    <div
      className="col-md-12"
    >
      <Connect(EditorEditView)
        slug="Yes-is-me"
      />
    </div>
  </div>
</div>
`;
