// Jest Snapshot v1, https://goo.gl/fbAQLP

exports[`ViewPage article page should render correctly in "debug" mode 1`] = `
<div
  className="container auth-container"
>
  <div
    className="row"
  >
    <div
      className="col-md-12"
    >
      <Connect(EditorView)
        slug="Yes-is-me"
      />
      <Connect(Rating) />
    </div>
  </div>
</div>
`;
